// Jest Snapshot v1, https://goo.gl/fbAQLP

exports[`<Container/> should render with width: 100% in small size 1`] = `
.c0 {
  width: 100%;
  margin: 0 auto;
  padding: 0 1rem;
}

@media (min-width:576px) {
  .c0 {
    max-width: 33.75rem;
  }
}

@media (min-width:768px) {
  .c0 {
    max-width: 45rem;
  }
}

@media (min-width:992px) {
  .c0 {
    max-width: 60rem;
  }
}

@media (min-width:1200px) {
  .c0 {
    max-width: 71.25rem;
  }
}

@media (min-width:1400px) {
  .c0 {
    max-width: 82.5rem;
  }
}

<div>
  <div
    class="c0"
  >
    <h1>
      React hooks
    </h1>
  </div>
</div>
`;
