// Jest Snapshot v1, https://goo.gl/fbAQLP

exports[`<Panel/> should render title when passed 1`] = `
.c0 {
  width: 100%;
  height: calc(100vh - 4rem);
  background-color: #202024;
  border-radius: 0.25rem;
  padding: 1rem;
}

.c1 {
  padding-bottom: 1rem;
  border-bottom: 1px solid #121214;
}

.c3 {
  padding-top: 0;
  display: grid;
  grid-template-columns: 1fr;
  gap: 1rem;
}

header + .c2 {
  padding-top: 1rem;
}

@media (min-width:768px) {
  .c3 {
    grid-template-columns: repeat(2,1fr);
  }
}

@media (min-width:1200px) {
  .c3 {
    grid-template-columns: repeat(3,1fr);
  }
}

@media (min-width:1400px) {
  .c3 {
    grid-template-columns: repeat(4,1fr);
  }
}

<div>
  <div
    class="c0"
  >
    <header
      class="c1"
    >
      <h4>
        React Hooks
      </h4>
    </header>
    <div
      class="c2 c3"
    >
      <span>
        Item
      </span>
    </div>
  </div>
</div>
`;
