// Jest Snapshot v1, https://goo.gl/fbAQLP

exports[`<Content/> should render currectly 1`] = `
.c0 {
  width: 100%;
  height: auto;
  min-height: 100vh;
  padding: 2rem 0;
  display: -webkit-box;
  display: -webkit-flex;
  display: -ms-flexbox;
  display: flex;
  -webkit-align-items: center;
  -webkit-box-align: center;
  -ms-flex-align: center;
  align-items: center;
  -webkit-box-pack: center;
  -webkit-justify-content: center;
  -ms-flex-pack: center;
  justify-content: center;
}

<div>
  <section
    class="c0"
  >
    <h1>
      Content
    </h1>
  </section>
</div>
`;
